420777888666: test message
777999888: Hello Nette!
420777888666: test message
