array('iso' => 'cz', 'gate' => 1, 'sender' => '')
