array('phoneNumber' => '777444666', 'text' => '', 'iso' => NULL)
